v24.21.0
12.3.4
2026-10-03T23:46:07.027Z
$ next build
▲ Next.js 16.3.4 (Turbopack)
- Environments: .env.local
✓ Running next.config.ts took 1268ms

  Creating an optimized production build ...
✓ Compiled successfully in 7.0s
  Running TypeScript ...
  Finished TypeScript in 19.7s ...
  Collecting page data using 11 workers ...
  Generating static pages using 11 workers (0/11) ...
  Generating static pages using 11 workers (2/11) 
  Generating static pages using 11 workers (5/11) 
  Generating static pages using 11 workers (8/11) 
✓ Generating static pages using 11 workers (11/11) in 738ms
  Finalizing page optimization ...

Route (app)
┌ ƒ /
├ ƒ /_not-found
├ ƒ /api/planes
├ ƒ /api/planes/[id]
├ ƒ /confirmar
├ ƒ /demo
├ ƒ /iniciar-sesion
├ ƒ /panel
├ ƒ /planes
└ ƒ /registro


ƒ Proxy (Middleware)

ƒ  (Dynamic)  server-rendered on demand

