v25.7.0
12.3.4
2026-10-03T16:58:36-06:00
$ next build
▲ Next.js 16.3.4 (Turbopack)
- Environments: .env.local
✓ Running next.config.ts took 67ms

  Creating an optimized production build ...
✓ Compiled successfully in 1991ms
  Running TypeScript ...
  Finished TypeScript in 3.5s ...
  Collecting page data using 11 workers ...
  Generating static pages using 11 workers (0/11) ...
  Generating static pages using 11 workers (2/11) 
  Generating static pages using 11 workers (5/11) 
  Generating static pages using 11 workers (8/11) 
✓ Generating static pages using 11 workers (11/11) in 546ms
  Finalizing page optimization ...

Route (app)
┌ ƒ /
├ ƒ /_not-found
├ ƒ /api/planes
├ ƒ /api/planes/[id]
├ ƒ /confirmar
├ ƒ /demo
├ ƒ /iniciar-sesion
├ ƒ /panel
├ ƒ /planes
└ ƒ /registro


ƒ Proxy (Middleware)

ƒ  (Dynamic)  server-rendered on demand

